<html>
<body>
<pre>
<h1>µVision Build Log</h1>
<h2>Tool Versions:</h2>
IDE-Version: µVision V5.29.0.0
Copyright (C) 2019 ARM Ltd and ARM Germany GmbH. All rights reserved.
License Information: Murat KÖKTÜRK, BaylanWaterMeters, LIC=AUURY-IJE4F-EY7V7-EVF8N-TV5Y5-FT1TT
 
Tool Versions:
Toolchain:       MDK-ARM Essential  Version: 5.29.0.0
Toolchain Path:  C:\Keil_v5\ARM\ARMCC\Bin
C Compiler:      Armcc.exe V5.06 update 6 (build 750)
Assembler:       Armasm.exe V5.06 update 6 (build 750)
Linker/Locator:  ArmLink.exe V5.06 update 6 (build 750)
Library Manager: ArmAr.exe V5.06 update 6 (build 750)
Hex Converter:   FromElf.exe V5.06 update 6 (build 750)
CPU DLL:         SARMCM3.DLL V5.29.0.0
Dialog DLL:      DCM.DLL V1.17.3.0
Target DLL:      STLink\ST-LINKIII-KEIL_SWO.dll V3.0.7.0
Dialog DLL:      TCM.DLL V1.36.5.0
 
<h2>Project:</h2>
C:\Users\murad\Desktop\Project_KEIL\2022_11_14 22-49\Blink.uvprojx
Project File Date:  11/20/2022

<h2>Output:</h2>
*** Using Compiler 'V5.06 update 6 (build 750)', folder: 'C:\Keil_v5\ARM\ARMCC\Bin'
Build target 'Target 1'
compiling app.c...
linking...
Program Size: Code=1096 RO-data=424 RW-data=8 ZI-data=1632  
".\Objects\Blink.axf" - 0 Error(s), 0 Warning(s).

<h2>Software Packages used:</h2>

Package Vendor: ARM
                http://www.keil.com/pack/ARM.CMSIS.5.6.0.pack
                ARM.CMSIS.5.6.0
                CMSIS (Cortex Microcontroller Software Interface Standard)
   * Component: CORE Version: 5.3.0

Package Vendor: Keil
                http://www.keil.com/pack/Keil.STM32F4xx_DFP.2.16.0.pack
                Keil.STM32F4xx_DFP.2.16.0
                STMicroelectronics STM32F4 Series Device Support, Drivers and Examples
   * Component: STM32Cube Framework Version: 1.0.0
   * Component: Classic Version: 1.7.13
   * Component: Common Version: 1.7.13
   * Component: Cortex Version: 1.7.13
   * Component: GPIO Version: 1.7.13
   * Component: PWR Version: 1.7.13
   * Component: RCC Version: 1.7.13
   * Component: Common Version: 1.7.13
   * Component: GPIO Version: 1.7.13
   * Component: LPTIM Version: 1.7.13
   * Component: PWR Version: 1.7.13
   * Component: RCC Version: 1.7.13
   * Component: SPI Version: 1.7.13
   * Component: UTILS Version: 1.7.13
   * Component: Startup Version: 2.6.3

<h2>Collection of Component include folders:</h2>
  .\RTE\Device\STM32F407VGTx
  .\RTE\_Target_1
  C:\Users\murad\AppData\Local\Arm\Packs\ARM\CMSIS\5.6.0\CMSIS\Core\Include
  C:\Users\murad\AppData\Local\Arm\Packs\Keil\STM32F4xx_DFP\2.16.0\Drivers\CMSIS\Device\ST\STM32F4xx\Include
  C:\Users\murad\AppData\Local\Arm\Packs\Keil\STM32F4xx_DFP\2.16.0\Drivers\STM32F4xx_HAL_Driver\Inc
  C:\Users\murad\AppData\Local\Arm\Packs\Keil\STM32F4xx_DFP\2.16.0\Drivers\STM32F4xx_HAL_Driver\Inc\Legacy

<h2>Collection of Component Files used:</h2>

   * Component: ::Device:STM32Cube Framework:1.0.0 (API)

   * Component: ARM::CMSIS:CORE:5.3.0

   * Component: Keil::Device:STM32Cube Framework:Classic:1.7.13
      Include file:  MDK\Templates\Inc\stm32f4xx_it.h
      Include file:  CMSIS\Driver\Config\RTE_Device.h
      Include file:  MDK\Templates\Inc\stm32f4xx_hal_conf.h
      Source file:   MDK\Templates\Src\stm32f4xx_hal_msp.c
      Include file:  MDK\Templates\Inc\main.h
      Source file:   MDK\Templates_LL\Src\main.c
      Include file:  MDK\Templates_LL\Inc\main.h
      Source file:   MDK\Templates\Src\stm32f4xx_it.c
      Source file:   MDK\Templates\Src\main.c

   * Component: Keil::Device:STM32Cube HAL:Common:1.7.13
      Source file:   Drivers\STM32F4xx_HAL_Driver\Src\stm32f4xx_hal.c
      Include file:  Drivers\STM32F4xx_HAL_Driver\Inc\stm32f4xx_hal.h

   * Component: Keil::Device:STM32Cube HAL:Cortex:1.7.13
      Source file:   Drivers\STM32F4xx_HAL_Driver\Src\stm32f4xx_hal_cortex.c

   * Component: Keil::Device:STM32Cube HAL:GPIO:1.7.13
      Source file:   Drivers\STM32F4xx_HAL_Driver\Src\stm32f4xx_hal_gpio.c

   * Component: Keil::Device:STM32Cube HAL:PWR:1.7.13
      Source file:   Drivers\STM32F4xx_HAL_Driver\Src\stm32f4xx_hal_pwr_ex.c
      Source file:   Drivers\STM32F4xx_HAL_Driver\Src\stm32f4xx_hal_pwr.c

   * Component: Keil::Device:STM32Cube HAL:RCC:1.7.13
      Source file:   Drivers\STM32F4xx_HAL_Driver\Src\stm32f4xx_hal_rcc_ex.c
      Source file:   Drivers\STM32F4xx_HAL_Driver\Src\stm32f4xx_hal_rcc.c

   * Component: Keil::Device:STM32Cube LL:Common:1.7.13

   * Component: Keil::Device:STM32Cube LL:GPIO:1.7.13
      Source file:   Drivers\STM32F4xx_HAL_Driver\Src\stm32f4xx_ll_gpio.c

   * Component: Keil::Device:STM32Cube LL:LPTIM:1.7.13
      Source file:   Drivers\STM32F4xx_HAL_Driver\Src\stm32f4xx_ll_lptim.c

   * Component: Keil::Device:STM32Cube LL:PWR:1.7.13
      Source file:   Drivers\STM32F4xx_HAL_Driver\Src\stm32f4xx_ll_pwr.c

   * Component: Keil::Device:STM32Cube LL:RCC:1.7.13
      Source file:   Drivers\STM32F4xx_HAL_Driver\Src\stm32f4xx_ll_rcc.c

   * Component: Keil::Device:STM32Cube LL:SPI:1.7.13
      Source file:   Drivers\STM32F4xx_HAL_Driver\Src\stm32f4xx_ll_spi.c

   * Component: Keil::Device:STM32Cube LL:UTILS:1.7.13
      Source file:   Drivers\STM32F4xx_HAL_Driver\Src\stm32f4xx_ll_utils.c

   * Component: Keil::Device:Startup:2.6.3
      Include file:  Drivers\CMSIS\Device\ST\STM32F4xx\Include\stm32f4xx.h
      Source file:   MDK\Device\Source\ARM\STM32F40xxx_41xxx_OPT.s
      Source file:   Drivers\CMSIS\Device\ST\STM32F4xx\Source\Templates\arm\startup_stm32f407xx.s
      Source file:   MDK\Device\Source\ARM\STM32F4xx_OTP.s
      Source file:   Drivers\CMSIS\Device\ST\STM32F4xx\Source\Templates\system_stm32f4xx.c
Build Time Elapsed:  00:00:01
</pre>
</body>
</html>
